// Jest Snapshot v1, https://goo.gl/fbAQLP

exports[`matches snapshot 1`] = `
<DocumentFragment>
  <h2>
    Deck Editor
  </h2>
  <div
    class="searchForm"
  >
    <form>
      <div>
        <label
          for="n"
        />
        <input
          id="n"
          name="n"
          placeholder="Enter Digimon name here.."
          type="text"
          value=""
        />
      </div>
      <div
        class="select-options"
      >
        <label>
           Color
          <select
            name="color"
          >
            <option
              disabled=""
              value="true"
            >
              -- select an option --
            </option>
            <option
              value="black"
            >
              Black
            </option>
            <option
              value="blue"
            >
              Blue
            </option>
            <option
              value="colorless"
            >
              Colorless
            </option>
            <option
              value="green"
            >
              Green
            </option>
            <option
              value="red"
            >
              Red
            </option>
            <option
              value="white"
            >
              White
            </option>
            <option
              value="yellow"
            >
              Yellow
            </option>
          </select>
        </label>
      </div>
      <div
        class="select-options"
      >
        <label>
           Type
          <select
            name="card-type"
          >
            <option
              disabled=""
              value="true"
            >
              -- select an option --
            </option>
            <option
              value="digimon"
            >
              Digimon
            </option>
            <option
              value="option"
            >
              Option
            </option>
            <option
              value="tamer"
            >
              Tamer
            </option>
            <option
              value="digi-egg"
            >
              Digi-Egg
            </option>
          </select>
        </label>
      </div>
      <div
        class="select-options"
      >
        <label>
           Atrribute
          <select
            name="attribute"
          >
            <option
              disabled=""
              value="true"
            >
              -- select an option --
            </option>
            <option
              value="data"
            >
              Data
            </option>
            <option
              value="free"
            >
              Free
            </option>
            <option
              value="vaccine"
            >
              Vaccine
            </option>
            <option
              value="variable"
            >
              Variable
            </option>
            <option
              value="virus"
            >
              Virus
            </option>
          </select>
        </label>
      </div>
      <div
        class="select-options"
      >
        <label>
           Stage
          <select
            name="stage"
          >
            <option
              disabled=""
              value="true"
            >
              -- select an option --
            </option>
            <option
              value="baby"
            >
              Baby
            </option>
            <option
              value="In-Training"
            >
              In-Training
            </option>
            <option
              value="rookie"
            >
              Rookie
            </option>
            <option
              value="champion"
            >
              Champion
            </option>
            <option
              value="ultimate"
            >
              Ultimate
            </option>
            <option
              value="mega"
            >
              Mega
            </option>
          </select>
        </label>
      </div>
      <button
        type="submit"
      >
        Submit
      </button>
      <button>
        Clear Selections
      </button>
    </form>
  </div>
  <div
    class="LoadDecksForm"
  />
  <div
    class="DigiCard-list"
  />
  <div
    class="built-deck"
  >
    <p
      class="built-deck-info"
    />
    <div
      class="deck-btns"
    >
      <div
        class="create-new-button"
      >
        <form>
          <div>
            <label
              for="DeckName"
            />
            <input
              id="submit"
              name="DeckName"
              placeholder="Name your deck!"
              type="text"
              value=""
            />
          </div>
          <button
            type="submit"
          >
            Create New Deck
          </button>
        </form>
        <div>
          <form>
            <button
              type="submit"
            >
              Update Deck
            </button>
          </form>
        </div>
      </div>
      <div
        class="delete-btn"
      >
        <form>
          <button
            type="submit"
          >
            Delete Deck
          </button>
        </form>
      </div>
    </div>
    <div
      class="BuiltDeck-list"
    />
  </div>
</DocumentFragment>
`;
